  [1m[35m (0.5ms)[0m  [1m[35mCREATE TABLE "schema_migrations" ("version" varchar NOT NULL PRIMARY KEY) /*application='WeatherApp'*/[0m
  [1m[35m (0.1ms)[0m  [1m[35mCREATE TABLE "ar_internal_metadata" ("key" varchar NOT NULL PRIMARY KEY, "value" varchar, "created_at" datetime(6) NOT NULL, "updated_at" datetime(6) NOT NULL) /*application='WeatherApp'*/[0m
  [1m[36mActiveRecord::SchemaMigration Load (0.1ms)[0m  [1m[34mSELECT "schema_migrations"."version" FROM "schema_migrations" ORDER BY "schema_migrations"."version" ASC /*application='WeatherApp'*/[0m
Started GET "/" for 127.0.0.1 at 2025-04-10 22:07:13 -0600
  [1m[36mActiveRecord::SchemaMigration Load (1.2ms)[0m  [1m[34mSELECT "schema_migrations"."version" FROM "schema_migrations" ORDER BY "schema_migrations"."version" ASC /*application='WeatherApp'*/[0m
Processing by ForecastsController#new as HTML
  Rendering layout layouts/application.html.erb
  Rendering forecasts/new.html.erb within layouts/application
  Rendered forecasts/new.html.erb within layouts/application (Duration: 4.8ms | GC: 0.0ms)
  Rendered layout layouts/application.html.erb (Duration: 5.9ms | GC: 0.0ms)
Completed 500 Internal Server Error in 82ms (ActiveRecord: 0.0ms (0 queries, 0 cached) | GC: 0.0ms)


  
ActionView::Template::Error (undefined method '[]' for nil)
Caused by: NoMethodError (undefined method '[]' for nil)

Information for: ActionView::Template::Error (undefined method '[]' for nil):
     7: 
     8: # app/views/forecasts/show.html.erb
     9: <h2>Forecast for <%= @address %></h2>
    10: <p><strong>Temperature:</strong> <%= @weather[:temperature] %>°C</p>
    11: <p><strong>Wind Speed:</strong> <%= @weather[:windspeed] %> km/h</p>
    12: <p><strong>Time:</strong> <%= @weather[:time] %></p>
    13: <% if @cached %>
  
app/views/forecasts/new.html.erb:10

Information for cause: NoMethodError (undefined method '[]' for nil):
  
app/views/forecasts/new.html.erb:10
Started GET "/favicon.ico" for 127.0.0.1 at 2025-04-10 22:07:13 -0600
  
ActionController::RoutingError (No route matches [GET] "/favicon.ico"):
  
Started GET "/" for 127.0.0.1 at 2025-04-10 22:08:01 -0600
Processing by ForecastsController#new as HTML
  Rendering layout layouts/application.html.erb
  Rendering forecasts/new.html.erb within layouts/application
  Rendered forecasts/new.html.erb within layouts/application (Duration: 5.0ms | GC: 0.0ms)
  Rendered layout layouts/application.html.erb (Duration: 5.9ms | GC: 0.0ms)
Completed 500 Internal Server Error in 33ms (ActiveRecord: 0.0ms (0 queries, 0 cached) | GC: 1.8ms)


  
ActionView::Template::Error (undefined method '[]' for nil)
Caused by: NoMethodError (undefined method '[]' for nil)

Information for: ActionView::Template::Error (undefined method '[]' for nil):
     7: 
     8: # app/views/forecasts/show.html.erb
     9: <h2>Forecast for <%= @address %></h2>
    10: <p><strong>Temperature:</strong> <%= @weather[:temperature] %>°C</p>
    11: <p><strong>Wind Speed:</strong> <%= @weather[:windspeed] %> km/h</p>
    12: <p><strong>Time:</strong> <%= @weather[:time] %></p>
    13: <% if @cached %>
  
app/views/forecasts/new.html.erb:10

Information for cause: NoMethodError (undefined method '[]' for nil):
  
app/views/forecasts/new.html.erb:10
Started GET "/favicon.ico" for 127.0.0.1 at 2025-04-10 22:08:01 -0600
  
ActionController::RoutingError (No route matches [GET] "/favicon.ico"):
  
Started GET "/" for 127.0.0.1 at 2025-04-10 22:08:13 -0600
Processing by ForecastsController#new as HTML
  Rendering layout layouts/application.html.erb
  Rendering forecasts/new.html.erb within layouts/application
  Rendered forecasts/new.html.erb within layouts/application (Duration: 1.4ms | GC: 0.0ms)
  Rendered layout layouts/application.html.erb (Duration: 1.9ms | GC: 0.0ms)
Completed 500 Internal Server Error in 33ms (ActiveRecord: 0.0ms (0 queries, 0 cached) | GC: 0.0ms)


  
ActionView::Template::Error (undefined method '[]' for nil)
Caused by: NoMethodError (undefined method '[]' for nil)

Information for: ActionView::Template::Error (undefined method '[]' for nil):
     7: 
     8: # app/views/forecasts/show.html.erb
     9: <h2>Forecast for <%= @address %></h2>
    10: <p><strong>Temperature:</strong> <%= @weather[:temperature] %>°C</p>
    11: <p><strong>Wind Speed:</strong> <%= @weather[:windspeed] %> km/h</p>
    12: <p><strong>Time:</strong> <%= @weather[:time] %></p>
    13: <% if @cached %>
  
app/views/forecasts/new.html.erb:10

Information for cause: NoMethodError (undefined method '[]' for nil):
  
app/views/forecasts/new.html.erb:10
Started GET "/" for 127.0.0.1 at 2025-04-10 22:11:06 -0600
Processing by ForecastsController#new as HTML
  Rendering layout layouts/application.html.erb
  Rendering forecasts/new.html.erb within layouts/application
  Rendered forecasts/new.html.erb within layouts/application (Duration: 1.8ms | GC: 0.0ms)
  Rendered layout layouts/application.html.erb (Duration: 1.9ms | GC: 0.0ms)
Completed 500 Internal Server Error in 25ms (ActiveRecord: 0.0ms (0 queries, 0 cached) | GC: 0.0ms)


  
ActionView::Template::Error (undefined method '[]' for nil)
Caused by: NoMethodError (undefined method '[]' for nil)

Information for: ActionView::Template::Error (undefined method '[]' for nil):
     7: 
     8: # app/views/forecasts/show.html.erb
     9: <h2>Forecast for <%= @address %></h2>
    10: <p><strong>Temperature:</strong> <%= @weather[:temperature] %>°C</p>
    11: <p><strong>Wind Speed:</strong> <%= @weather[:windspeed] %> km/h</p>
    12: <p><strong>Time:</strong> <%= @weather[:time] %></p>
    13: <% if @cached %>
  
app/views/forecasts/new.html.erb:10

Information for cause: NoMethodError (undefined method '[]' for nil):
  
app/views/forecasts/new.html.erb:10
Started GET "/" for 127.0.0.1 at 2025-04-10 22:11:25 -0600
Processing by ForecastsController#new as HTML
  Rendering layout layouts/application.html.erb
  Rendering forecasts/new.html.erb within layouts/application
  Rendered forecasts/new.html.erb within layouts/application (Duration: 0.9ms | GC: 0.0ms)
  Rendered layout layouts/application.html.erb (Duration: 13.6ms | GC: 5.3ms)
Completed 200 OK in 37ms (Views: 15.2ms | ActiveRecord: 0.0ms (0 queries, 0 cached) | GC: 5.3ms)


Started GET "/assets/application-8b441ae0.css" for 127.0.0.1 at 2025-04-10 22:11:25 -0600
Started GET "/assets/turbo.min-1262d735.js" for 127.0.0.1 at 2025-04-10 22:11:25 -0600
Started GET "/assets/stimulus.min-4b1e420e.js" for 127.0.0.1 at 2025-04-10 22:11:25 -0600
Started GET "/assets/controllers/hello_controller-708796bd.js" for 127.0.0.1 at 2025-04-10 22:11:25 -0600
Started GET "/assets/controllers/index-ee64e1f1.js" for 127.0.0.1 at 2025-04-10 22:11:25 -0600
Started GET "/assets/application-bfcdf840.js" for 127.0.0.1 at 2025-04-10 22:11:26 -0600
Started GET "/assets/stimulus-loading-1fc53fe7.js" for 127.0.0.1 at 2025-04-10 22:11:26 -0600
Started GET "/assets/controllers/application-3affb389.js" for 127.0.0.1 at 2025-04-10 22:11:26 -0600
Started GET "/assets/stimulus.min-2395e199.js.map" for 127.0.0.1 at 2025-04-10 22:11:26 -0600
Started GET "/assets/turbo.min-02fd5b81.js.map" for 127.0.0.1 at 2025-04-10 22:11:26 -0600
Started POST "/forecast" for 127.0.0.1 at 2025-04-10 22:11:42 -0600
Processing by ForecastsController#create as TURBO_STREAM
  Parameters: {"authenticity_token" => "[FILTERED]", "address" => "3679 reflections dr, Pleasanton", "commit" => "Get Forecast"}
Redirected to http://127.0.0.1:3000/forecast?address=3679+reflections+dr%2C+Pleasanton
Completed 302 Found in 29ms (ActiveRecord: 0.0ms (0 queries, 0 cached) | GC: 2.4ms)


Started GET "/forecast?address=3679+reflections+dr%2C+Pleasanton" for 127.0.0.1 at 2025-04-10 22:11:42 -0600
Processing by ForecastsController#show as TURBO_STREAM
  Parameters: {"address" => "3679 reflections dr, Pleasanton"}
Completed 500 Internal Server Error in 22ms (ActiveRecord: 0.0ms (0 queries, 0 cached) | GC: 0.2ms)


  
NameError (uninitialized constant ForecastsController::LocationService):
  
app/controllers/forecasts_controller.rb:10:in 'ForecastsController#show'
Started GET "/" for 127.0.0.1 at 2025-04-10 22:16:48 -0600
  [1m[36mActiveRecord::SchemaMigration Load (0.4ms)[0m  [1m[34mSELECT "schema_migrations"."version" FROM "schema_migrations" ORDER BY "schema_migrations"."version" ASC /*application='WeatherApp'*/[0m
Processing by ForecastsController#new as HTML
  Rendering layout layouts/application.html.erb
  Rendering forecasts/new.html.erb within layouts/application
  Rendered forecasts/new.html.erb within layouts/application (Duration: 4.1ms | GC: 0.0ms)
  Rendered layout layouts/application.html.erb (Duration: 12.2ms | GC: 0.5ms)
Completed 200 OK in 65ms (Views: 15.6ms | ActiveRecord: 0.0ms (0 queries, 0 cached) | GC: 1.5ms)


Started POST "/forecast" for 127.0.0.1 at 2025-04-10 22:16:52 -0600
Processing by ForecastsController#create as TURBO_STREAM
  Parameters: {"authenticity_token" => "[FILTERED]", "address" => "3679 reflections dr, Pleasanton", "commit" => "Get Forecast"}
Redirected to http://127.0.0.1:3000/forecast?address=3679+reflections+dr%2C+Pleasanton
Completed 302 Found in 20ms (ActiveRecord: 0.0ms (0 queries, 0 cached) | GC: 0.0ms)


Started GET "/forecast?address=3679+reflections+dr%2C+Pleasanton" for 127.0.0.1 at 2025-04-10 22:16:52 -0600
Processing by ForecastsController#show as TURBO_STREAM
  Parameters: {"address" => "3679 reflections dr, Pleasanton"}
Completed 500 Internal Server Error in 20ms (ActiveRecord: 0.0ms (0 queries, 0 cached) | GC: 0.0ms)


  
NameError (uninitialized constant ForecastsController::LocationService):
  
app/controllers/forecasts_controller.rb:10:in 'ForecastsController#show'
Started GET "/" for 127.0.0.1 at 2025-04-10 22:17:44 -0600
  [1m[36mActiveRecord::SchemaMigration Load (0.4ms)[0m  [1m[34mSELECT "schema_migrations"."version" FROM "schema_migrations" ORDER BY "schema_migrations"."version" ASC /*application='WeatherApp'*/[0m
Processing by ForecastsController#new as HTML
  Rendering layout layouts/application.html.erb
  Rendering forecasts/new.html.erb within layouts/application
  Rendered forecasts/new.html.erb within layouts/application (Duration: 4.1ms | GC: 0.0ms)
  Rendered layout layouts/application.html.erb (Duration: 12.5ms | GC: 0.8ms)
Completed 200 OK in 69ms (Views: 15.9ms | ActiveRecord: 0.0ms (0 queries, 0 cached) | GC: 1.4ms)


Started POST "/forecast" for 127.0.0.1 at 2025-04-10 22:17:47 -0600
Processing by ForecastsController#create as TURBO_STREAM
  Parameters: {"authenticity_token" => "[FILTERED]", "address" => "3679 reflections dr, Pleasanton", "commit" => "Get Forecast"}
Redirected to http://127.0.0.1:3000/forecast?address=3679+reflections+dr%2C+Pleasanton
Completed 302 Found in 24ms (ActiveRecord: 0.0ms (0 queries, 0 cached) | GC: 0.0ms)


Started GET "/forecast?address=3679+reflections+dr%2C+Pleasanton" for 127.0.0.1 at 2025-04-10 22:17:47 -0600
Processing by ForecastsController#show as TURBO_STREAM
  Parameters: {"address" => "3679 reflections dr, Pleasanton"}
Completed 500 Internal Server Error in 24ms (ActiveRecord: 0.0ms (0 queries, 0 cached) | GC: 0.0ms)


  
NameError (uninitialized constant ForecastsController::LocationService):
  
app/controllers/forecasts_controller.rb:10:in 'ForecastsController#show'
Started GET "/" for 127.0.0.1 at 2025-04-10 22:19:34 -0600
  [1m[36mActiveRecord::SchemaMigration Load (0.4ms)[0m  [1m[34mSELECT "schema_migrations"."version" FROM "schema_migrations" ORDER BY "schema_migrations"."version" ASC /*application='WeatherApp'*/[0m
Processing by ForecastsController#new as HTML
  Rendering layout layouts/application.html.erb
  Rendering forecasts/new.html.erb within layouts/application
  Rendered forecasts/new.html.erb within layouts/application (Duration: 4.2ms | GC: 0.0ms)
  Rendered layout layouts/application.html.erb (Duration: 12.4ms | GC: 0.7ms)
Completed 200 OK in 66ms (Views: 15.8ms | ActiveRecord: 0.0ms (0 queries, 0 cached) | GC: 1.3ms)


Started POST "/forecast" for 127.0.0.1 at 2025-04-10 22:19:40 -0600
Processing by ForecastsController#create as TURBO_STREAM
  Parameters: {"authenticity_token" => "[FILTERED]", "address" => "3679 reflections dr, Pleasanton", "commit" => "Get Forecast"}
Redirected to http://127.0.0.1:3000/forecast?address=3679+reflections+dr%2C+Pleasanton
Completed 302 Found in 19ms (ActiveRecord: 0.0ms (0 queries, 0 cached) | GC: 0.3ms)


Started GET "/forecast?address=3679+reflections+dr%2C+Pleasanton" for 127.0.0.1 at 2025-04-10 22:19:40 -0600
Processing by ForecastsController#show as TURBO_STREAM
  Parameters: {"address" => "3679 reflections dr, Pleasanton"}
Completed 500 Internal Server Error in 21ms (ActiveRecord: 0.0ms (0 queries, 0 cached) | GC: 0.0ms)


  
NameError (uninitialized constant ForecastsController::LocationService):
  
app/controllers/forecasts_controller.rb:10:in 'ForecastsController#show'
Started GET "/" for 127.0.0.1 at 2025-04-10 22:21:11 -0600
  [1m[36mActiveRecord::SchemaMigration Load (0.4ms)[0m  [1m[34mSELECT "schema_migrations"."version" FROM "schema_migrations" ORDER BY "schema_migrations"."version" ASC /*application='WeatherApp'*/[0m
Processing by ForecastsController#new as HTML
  Rendering layout layouts/application.html.erb
  Rendering forecasts/new.html.erb within layouts/application
  Rendered forecasts/new.html.erb within layouts/application (Duration: 4.2ms | GC: 0.0ms)
  Rendered layout layouts/application.html.erb (Duration: 12.5ms | GC: 0.6ms)
Completed 200 OK in 68ms (Views: 16.0ms | ActiveRecord: 0.0ms (0 queries, 0 cached) | GC: 1.2ms)


Started POST "/forecast" for 127.0.0.1 at 2025-04-10 22:21:15 -0600
Processing by ForecastsController#create as TURBO_STREAM
  Parameters: {"authenticity_token" => "[FILTERED]", "address" => "3679 reflections dr, Pleasanton", "commit" => "Get Forecast"}
Redirected to http://127.0.0.1:3000/forecast?address=3679+reflections+dr%2C+Pleasanton
Completed 302 Found in 24ms (ActiveRecord: 0.0ms (0 queries, 0 cached) | GC: 0.0ms)


Started GET "/forecast?address=3679+reflections+dr%2C+Pleasanton" for 127.0.0.1 at 2025-04-10 22:21:15 -0600
Processing by ForecastsController#show as TURBO_STREAM
  Parameters: {"address" => "3679 reflections dr, Pleasanton"}
  Rendering layout layouts/application.html.erb
  Rendering forecasts/show.html.erb within layouts/application
  Rendered forecasts/show.html.erb within layouts/application (Duration: 5.4ms | GC: 0.0ms)
  Rendered layout layouts/application.html.erb (Duration: 9.9ms | GC: 0.0ms)
Completed 200 OK in 1244ms (Views: 11.5ms | ActiveRecord: 0.0ms (0 queries, 0 cached) | GC: 0.0ms)


Started GET "/" for 127.0.0.1 at 2025-04-10 22:24:02 -0600
  [1m[36mActiveRecord::SchemaMigration Load (0.4ms)[0m  [1m[34mSELECT "schema_migrations"."version" FROM "schema_migrations" ORDER BY "schema_migrations"."version" ASC /*application='WeatherApp'*/[0m
Processing by ForecastsController#new as HTML
  Rendering layout layouts/application.html.erb
  Rendering forecasts/new.html.erb within layouts/application
  Rendered forecasts/new.html.erb within layouts/application (Duration: 4.2ms | GC: 0.2ms)
  Rendered layout layouts/application.html.erb (Duration: 12.8ms | GC: 0.9ms)
Completed 200 OK in 65ms (Views: 16.0ms | ActiveRecord: 0.0ms (0 queries, 0 cached) | GC: 1.4ms)


Started POST "/forecast" for 127.0.0.1 at 2025-04-10 22:24:07 -0600
Processing by ForecastsController#create as TURBO_STREAM
  Parameters: {"authenticity_token" => "[FILTERED]", "address" => "3679 reflections dr, Pleasanton", "commit" => "Get Forecast"}
Redirected to http://127.0.0.1:3000/forecast?address=3679+reflections+dr%2C+Pleasanton
Completed 302 Found in 20ms (ActiveRecord: 0.0ms (0 queries, 0 cached) | GC: 0.0ms)


Started GET "/forecast?address=3679+reflections+dr%2C+Pleasanton" for 127.0.0.1 at 2025-04-10 22:24:07 -0600
Processing by ForecastsController#show as TURBO_STREAM
  Parameters: {"address" => "3679 reflections dr, Pleasanton"}
  Rendering layout layouts/application.html.erb
  Rendering forecasts/show.html.erb within layouts/application
  Rendered forecasts/show.html.erb within layouts/application (Duration: 6.3ms | GC: 0.0ms)
  Rendered layout layouts/application.html.erb (Duration: 11.4ms | GC: 0.0ms)
Completed 200 OK in 989ms (Views: 13.1ms | ActiveRecord: 0.0ms (0 queries, 0 cached) | GC: 0.0ms)


Started GET "/" for 127.0.0.1 at 2025-04-10 22:26:07 -0600
  [1m[36mActiveRecord::SchemaMigration Load (0.4ms)[0m  [1m[34mSELECT "schema_migrations"."version" FROM "schema_migrations" ORDER BY "schema_migrations"."version" ASC /*application='WeatherApp'*/[0m
Processing by ForecastsController#new as HTML
  Rendering layout layouts/application.html.erb
  Rendering forecasts/new.html.erb within layouts/application
  Rendered forecasts/new.html.erb within layouts/application (Duration: 4.5ms | GC: 0.3ms)
  Rendered layout layouts/application.html.erb (Duration: 13.3ms | GC: 0.8ms)
Completed 200 OK in 74ms (Views: 16.9ms | ActiveRecord: 0.0ms (0 queries, 0 cached) | GC: 1.2ms)


Started POST "/forecast" for 127.0.0.1 at 2025-04-10 22:26:09 -0600
Processing by ForecastsController#create as TURBO_STREAM
  Parameters: {"authenticity_token" => "[FILTERED]", "address" => "3679 reflections dr, Pleasanton", "commit" => "Get Forecast"}
Redirected to http://127.0.0.1:3000/forecast?address=3679+reflections+dr%2C+Pleasanton
Completed 302 Found in 21ms (ActiveRecord: 0.0ms (0 queries, 0 cached) | GC: 0.0ms)


Started GET "/forecast?address=3679+reflections+dr%2C+Pleasanton" for 127.0.0.1 at 2025-04-10 22:26:09 -0600
Processing by ForecastsController#show as TURBO_STREAM
  Parameters: {"address" => "3679 reflections dr, Pleasanton"}
  Rendering layout layouts/application.html.erb
  Rendering forecasts/show.html.erb within layouts/application
  Rendered forecasts/show.html.erb within layouts/application (Duration: 5.4ms | GC: 0.0ms)
  Rendered layout layouts/application.html.erb (Duration: 10.0ms | GC: 0.0ms)
Completed 200 OK in 999ms (Views: 12.0ms | ActiveRecord: 0.0ms (0 queries, 0 cached) | GC: 0.0ms)


Started GET "/" for 127.0.0.1 at 2025-04-10 22:27:46 -0600
  [1m[36mActiveRecord::SchemaMigration Load (0.4ms)[0m  [1m[34mSELECT "schema_migrations"."version" FROM "schema_migrations" ORDER BY "schema_migrations"."version" ASC /*application='WeatherApp'*/[0m
Processing by ForecastsController#new as HTML
  Rendering layout layouts/application.html.erb
  Rendering forecasts/new.html.erb within layouts/application
  Rendered forecasts/new.html.erb within layouts/application (Duration: 6.2ms | GC: 1.9ms)
  Rendered layout layouts/application.html.erb (Duration: 21.8ms | GC: 9.8ms)
Completed 200 OK in 81ms (Views: 26.3ms | ActiveRecord: 0.0ms (0 queries, 0 cached) | GC: 15.9ms)


Started POST "/forecast" for 127.0.0.1 at 2025-04-10 22:27:49 -0600
Processing by ForecastsController#create as TURBO_STREAM
  Parameters: {"authenticity_token" => "[FILTERED]", "address" => "3679 reflections dr, Pleasanton", "commit" => "Get Forecast"}
Redirected to http://127.0.0.1:3000/forecast?address=3679+reflections+dr%2C+Pleasanton
Completed 302 Found in 20ms (ActiveRecord: 0.0ms (0 queries, 0 cached) | GC: 0.0ms)


Started GET "/forecast?address=3679+reflections+dr%2C+Pleasanton" for 127.0.0.1 at 2025-04-10 22:27:49 -0600
Processing by ForecastsController#show as TURBO_STREAM
  Parameters: {"address" => "3679 reflections dr, Pleasanton"}
  Rendering layout layouts/application.html.erb
  Rendering forecasts/show.html.erb within layouts/application
  Rendered forecasts/show.html.erb within layouts/application (Duration: 5.5ms | GC: 0.0ms)
  Rendered layout layouts/application.html.erb (Duration: 11.7ms | GC: 0.4ms)
Completed 200 OK in 1098ms (Views: 13.5ms | ActiveRecord: 0.0ms (0 queries, 0 cached) | GC: 0.8ms)


Started GET "/" for 127.0.0.1 at 2025-04-10 22:29:30 -0600
  [1m[36mActiveRecord::SchemaMigration Load (0.5ms)[0m  [1m[34mSELECT "schema_migrations"."version" FROM "schema_migrations" ORDER BY "schema_migrations"."version" ASC /*application='WeatherApp'*/[0m
Processing by ForecastsController#new as HTML
  Rendering layout layouts/application.html.erb
  Rendering forecasts/new.html.erb within layouts/application
  Rendered forecasts/new.html.erb within layouts/application (Duration: 13.9ms | GC: 4.1ms)
  Rendered layout layouts/application.html.erb (Duration: 52.8ms | GC: 22.4ms)
Completed 200 OK in 158ms (Views: 63.2ms | ActiveRecord: 0.0ms (0 queries, 0 cached) | GC: 34.0ms)


Started POST "/forecast" for 127.0.0.1 at 2025-04-10 22:29:33 -0600
Processing by ForecastsController#create as TURBO_STREAM
  Parameters: {"authenticity_token" => "[FILTERED]", "address" => "3679 reflections dr, Pleasanton", "commit" => "Get Forecast"}
Redirected to http://127.0.0.1:3000/forecast?address=3679+reflections+dr%2C+Pleasanton
Completed 302 Found in 23ms (ActiveRecord: 0.0ms (0 queries, 0 cached) | GC: 0.0ms)


Started GET "/forecast?address=3679+reflections+dr%2C+Pleasanton" for 127.0.0.1 at 2025-04-10 22:29:33 -0600
Processing by ForecastsController#show as TURBO_STREAM
  Parameters: {"address" => "3679 reflections dr, Pleasanton"}
  Rendering layout layouts/application.html.erb
  Rendering forecasts/show.html.erb within layouts/application
  Rendered forecasts/show.html.erb within layouts/application (Duration: 4.6ms | GC: 0.0ms)
  Rendered layout layouts/application.html.erb (Duration: 8.8ms | GC: 0.0ms)
Completed 200 OK in 969ms (Views: 10.0ms | ActiveRecord: 0.0ms (0 queries, 0 cached) | GC: 0.7ms)


Started GET "/" for 127.0.0.1 at 2025-04-10 22:32:47 -0600
  [1m[36mActiveRecord::SchemaMigration Load (0.4ms)[0m  [1m[34mSELECT "schema_migrations"."version" FROM "schema_migrations" ORDER BY "schema_migrations"."version" ASC /*application='WeatherApp'*/[0m
Processing by ForecastsController#new as HTML
  Rendering layout layouts/application.html.erb
  Rendering forecasts/new.html.erb within layouts/application
  Rendered forecasts/new.html.erb within layouts/application (Duration: 4.2ms | GC: 0.0ms)
  Rendered layout layouts/application.html.erb (Duration: 12.5ms | GC: 0.7ms)
Completed 200 OK in 66ms (Views: 16.1ms | ActiveRecord: 0.0ms (0 queries, 0 cached) | GC: 1.1ms)


Started POST "/forecast" for 127.0.0.1 at 2025-04-10 22:32:50 -0600
Processing by ForecastsController#create as TURBO_STREAM
  Parameters: {"authenticity_token" => "[FILTERED]", "address" => "3679 reflections dr, Pleasanton", "commit" => "Get Forecast"}
Redirected to http://127.0.0.1:3000/forecast?address=3679+reflections+dr%2C+Pleasanton
Completed 302 Found in 19ms (ActiveRecord: 0.0ms (0 queries, 0 cached) | GC: 0.3ms)


Started GET "/forecast?address=3679+reflections+dr%2C+Pleasanton" for 127.0.0.1 at 2025-04-10 22:32:50 -0600
Processing by ForecastsController#show as TURBO_STREAM
  Parameters: {"address" => "3679 reflections dr, Pleasanton"}
  Rendering layout layouts/application.html.erb
  Rendering forecasts/show.html.erb within layouts/application
  Rendered forecasts/show.html.erb within layouts/application (Duration: 5.3ms | GC: 0.0ms)
  Rendered layout layouts/application.html.erb (Duration: 10.1ms | GC: 0.0ms)
Completed 200 OK in 1028ms (Views: 11.8ms | ActiveRecord: 0.0ms (0 queries, 0 cached) | GC: 0.0ms)


Started GET "/" for 127.0.0.1 at 2025-04-10 22:34:10 -0600
  [1m[36mActiveRecord::SchemaMigration Load (0.4ms)[0m  [1m[34mSELECT "schema_migrations"."version" FROM "schema_migrations" ORDER BY "schema_migrations"."version" ASC /*application='WeatherApp'*/[0m
Processing by ForecastsController#new as HTML
  Rendering layout layouts/application.html.erb
  Rendering forecasts/new.html.erb within layouts/application
  Rendered forecasts/new.html.erb within layouts/application (Duration: 5.8ms | GC: 1.6ms)
  Rendered layout layouts/application.html.erb (Duration: 22.1ms | GC: 9.9ms)
Completed 200 OK in 85ms (Views: 26.5ms | ActiveRecord: 0.0ms (0 queries, 0 cached) | GC: 16.6ms)


Started POST "/forecast" for 127.0.0.1 at 2025-04-10 22:34:13 -0600
Processing by ForecastsController#create as TURBO_STREAM
  Parameters: {"authenticity_token" => "[FILTERED]", "address" => "3679 reflections dr, Pleasanton", "commit" => "Get Forecast"}
Redirected to http://127.0.0.1:3000/forecast?address=3679+reflections+dr%2C+Pleasanton
Completed 302 Found in 19ms (ActiveRecord: 0.0ms (0 queries, 0 cached) | GC: 0.0ms)


Started GET "/forecast?address=3679+reflections+dr%2C+Pleasanton" for 127.0.0.1 at 2025-04-10 22:34:13 -0600
Processing by ForecastsController#show as TURBO_STREAM
  Parameters: {"address" => "3679 reflections dr, Pleasanton"}
  Rendering layout layouts/application.html.erb
  Rendering forecasts/show.html.erb within layouts/application
  Rendered forecasts/show.html.erb within layouts/application (Duration: 4.5ms | GC: 0.0ms)
  Rendered layout layouts/application.html.erb (Duration: 8.8ms | GC: 0.0ms)
Completed 200 OK in 1178ms (Views: 10.7ms | ActiveRecord: 0.0ms (0 queries, 0 cached) | GC: 0.7ms)


Started GET "/" for 127.0.0.1 at 2025-04-10 22:37:22 -0600
  [1m[36mActiveRecord::SchemaMigration Load (0.4ms)[0m  [1m[34mSELECT "schema_migrations"."version" FROM "schema_migrations" ORDER BY "schema_migrations"."version" ASC /*application='WeatherApp'*/[0m
Processing by ForecastsController#new as HTML
  Rendering layout layouts/application.html.erb
  Rendering forecasts/new.html.erb within layouts/application
  Rendered forecasts/new.html.erb within layouts/application (Duration: 6.1ms | GC: 1.9ms)
  Rendered layout layouts/application.html.erb (Duration: 21.9ms | GC: 9.7ms)
Completed 200 OK in 83ms (Views: 26.3ms | ActiveRecord: 0.0ms (0 queries, 0 cached) | GC: 16.4ms)


Started POST "/forecast" for 127.0.0.1 at 2025-04-10 22:37:25 -0600
Processing by ForecastsController#create as TURBO_STREAM
  Parameters: {"authenticity_token" => "[FILTERED]", "address" => "3679 reflections dr, Pleasanton", "commit" => "Get Forecast"}
Redirected to http://127.0.0.1:3000/forecast?address=3679+reflections+dr%2C+Pleasanton
Completed 302 Found in 20ms (ActiveRecord: 0.0ms (0 queries, 0 cached) | GC: 0.0ms)


Started GET "/forecast?address=3679+reflections+dr%2C+Pleasanton" for 127.0.0.1 at 2025-04-10 22:37:25 -0600
Processing by ForecastsController#show as TURBO_STREAM
  Parameters: {"address" => "3679 reflections dr, Pleasanton"}
  Rendering layout layouts/application.html.erb
  Rendering forecasts/show.html.erb within layouts/application
  Rendered forecasts/show.html.erb within layouts/application (Duration: 4.8ms | GC: 0.0ms)
  Rendered layout layouts/application.html.erb (Duration: 8.7ms | GC: 0.0ms)
Completed 200 OK in 1012ms (Views: 10.4ms | ActiveRecord: 0.0ms (0 queries, 0 cached) | GC: 1.2ms)


Started GET "/" for 127.0.0.1 at 2025-04-10 22:38:56 -0600
  [1m[36mActiveRecord::SchemaMigration Load (0.4ms)[0m  [1m[34mSELECT "schema_migrations"."version" FROM "schema_migrations" ORDER BY "schema_migrations"."version" ASC /*application='WeatherApp'*/[0m
Processing by ForecastsController#new as HTML
  Rendering layout layouts/application.html.erb
  Rendering forecasts/new.html.erb within layouts/application
  Rendered forecasts/new.html.erb within layouts/application (Duration: 4.6ms | GC: 0.0ms)
  Rendered layout layouts/application.html.erb (Duration: 13.9ms | GC: 0.7ms)
Completed 200 OK in 70ms (Views: 17.6ms | ActiveRecord: 0.0ms (0 queries, 0 cached) | GC: 1.1ms)


Started POST "/forecast" for 127.0.0.1 at 2025-04-10 22:39:01 -0600
Processing by ForecastsController#create as TURBO_STREAM
  Parameters: {"authenticity_token" => "[FILTERED]", "address" => "3679 reflections dr, Pleasanton", "commit" => "Get Forecast"}
Redirected to http://127.0.0.1:3000/forecast?address=3679+reflections+dr%2C+Pleasanton
Completed 302 Found in 26ms (ActiveRecord: 0.0ms (0 queries, 0 cached) | GC: 0.5ms)


Started GET "/forecast?address=3679+reflections+dr%2C+Pleasanton" for 127.0.0.1 at 2025-04-10 22:39:01 -0600
Processing by ForecastsController#show as TURBO_STREAM
  Parameters: {"address" => "3679 reflections dr, Pleasanton"}
  Rendering layout layouts/application.html.erb
  Rendering forecasts/show.html.erb within layouts/application
  Rendered forecasts/show.html.erb within layouts/application (Duration: 5.3ms | GC: 0.0ms)
  Rendered layout layouts/application.html.erb (Duration: 10.2ms | GC: 0.0ms)
Completed 200 OK in 947ms (Views: 11.8ms | ActiveRecord: 0.0ms (0 queries, 0 cached) | GC: 0.0ms)


Started GET "/" for 127.0.0.1 at 2025-04-11 19:23:33 -0600
Processing by ForecastsController#show as HTML
Completed 500 Internal Server Error in 430ms (ActiveRecord: 0.0ms (0 queries, 0 cached) | GC: 0.0ms)


  
NoMethodError (undefined method '[]' for nil):
  
app/services/weather_service.rb:7:in 'WeatherService.fetch'
app/controllers/forecasts_controller.rb:12:in 'ForecastsController#show'
Started GET "/" for 127.0.0.1 at 2025-04-11 19:23:53 -0600
  [1m[36mActiveRecord::SchemaMigration Load (0.4ms)[0m  [1m[34mSELECT "schema_migrations"."version" FROM "schema_migrations" ORDER BY "schema_migrations"."version" ASC /*application='WeatherApp'*/[0m
Processing by ForecastsController#show as HTML
Completed 500 Internal Server Error in 234ms (ActiveRecord: 0.0ms (0 queries, 0 cached) | GC: 0.9ms)


  
NoMethodError (undefined method '[]' for nil):
  
app/services/weather_service.rb:7:in 'WeatherService.fetch'
app/controllers/forecasts_controller.rb:12:in 'ForecastsController#show'
Started GET "/" for 127.0.0.1 at 2025-04-11 19:25:45 -0600
Processing by ForecastsController#show as HTML
  Rendering layout layouts/application.html.erb
  Rendering forecasts/show.html.erb within layouts/application
  Rendered forecasts/show.html.erb within layouts/application (Duration: 1.1ms | GC: 0.0ms)
  Rendered layout layouts/application.html.erb (Duration: 11.9ms | GC: 1.5ms)
Completed 200 OK in 39ms (Views: 13.6ms | ActiveRecord: 0.0ms (0 queries, 0 cached) | GC: 2.7ms)


Started GET "/forecast?address=3679+reflections+dr%2C+Pleasanton&commit=Get+Forecast" for 127.0.0.1 at 2025-04-11 19:25:49 -0600
Processing by ForecastsController#show as HTML
  Parameters: {"address" => "3679 reflections dr, Pleasanton", "commit" => "Get Forecast"}
  Rendering layout layouts/application.html.erb
  Rendering forecasts/show.html.erb within layouts/application
  Rendered forecasts/show.html.erb within layouts/application (Duration: 3.0ms | GC: 0.0ms)
  Rendered layout layouts/application.html.erb (Duration: 7.9ms | GC: 0.0ms)
Completed 200 OK in 1112ms (Views: 13.0ms | ActiveRecord: 0.0ms (0 queries, 0 cached) | GC: 0.0ms)


Started GET "/forecast?address=pleasm%2C+ut&commit=Get+Forecast" for 127.0.0.1 at 2025-04-11 19:26:08 -0600
Processing by ForecastsController#show as HTML
  Parameters: {"address" => "pleasm, ut", "commit" => "Get Forecast"}
Completed 500 Internal Server Error in 231ms (ActiveRecord: 0.0ms (0 queries, 0 cached) | GC: 0.0ms)


  
NoMethodError (undefined method '[]' for nil):
  
app/services/weather_service.rb:7:in 'WeatherService.fetch'
app/controllers/forecasts_controller.rb:14:in 'ForecastsController#show'
Started GET "/forecast?address=3679+reflections+dr%2C+Pleasanton&commit=Get+Forecast" for 127.0.0.1 at 2025-04-11 19:29:47 -0600
Processing by ForecastsController#show as HTML
  Parameters: {"address" => "3679 reflections dr, Pleasanton", "commit" => "Get Forecast"}
  Rendering layout layouts/application.html.erb
  Rendering forecasts/show.html.erb within layouts/application
  Rendered forecasts/show.html.erb within layouts/application (Duration: 5.0ms | GC: 0.0ms)
  Rendered layout layouts/application.html.erb (Duration: 12.4ms | GC: 0.0ms)
Completed 200 OK in 318ms (Views: 21.3ms | ActiveRecord: 0.0ms (0 queries, 0 cached) | GC: 3.0ms)


Started GET "/forecast?address=3679+reflections+dr%2C+Pleasanton&commit=Get+Forecast" for 127.0.0.1 at 2025-04-11 19:29:53 -0600
Processing by ForecastsController#show as HTML
  Parameters: {"address" => "3679 reflections dr, Pleasanton", "commit" => "Get Forecast"}
  Rendering layout layouts/application.html.erb
  Rendering forecasts/show.html.erb within layouts/application
  Rendered forecasts/show.html.erb within layouts/application (Duration: 1.1ms | GC: 0.0ms)
  Rendered layout layouts/application.html.erb (Duration: 5.5ms | GC: 0.0ms)
Completed 200 OK in 364ms (Views: 6.5ms | ActiveRecord: 0.0ms (0 queries, 0 cached) | GC: 0.0ms)


Started GET "/forecast?address=3679+reflections+dr%2C+Pleasanton&commit=Get+Forecast" for 127.0.0.1 at 2025-04-11 19:32:32 -0600
Processing by ForecastsController#show as HTML
  Parameters: {"address" => "3679 reflections dr, Pleasanton", "commit" => "Get Forecast"}
  Rendering layout layouts/application.html.erb
  Rendering forecasts/show.html.erb within layouts/application
  Rendered forecasts/show.html.erb within layouts/application (Duration: 4.1ms | GC: 0.0ms)
  Rendered layout layouts/application.html.erb (Duration: 4.9ms | GC: 0.0ms)
Completed 500 Internal Server Error in 280ms (ActiveRecord: 0.0ms (0 queries, 0 cached) | GC: 4.1ms)


  
ActionView::SyntaxErrorInTemplate (Encountered a syntax error while rendering template: check <h1>Check Weather Forecast</h1>
<%= form_with url: forecast_path, method: :get, local: true do |form| %>
  <%= label_tag :address, "Enter Address" %>
  <%= text_field_tag :address, nil, required: true %>
  <%= submit_tag "Get Forecast" %>
<% end %>

<% if @error %>
  <p style="color: red;"><%= @error %></p>
<% end %>

<% if @weather %>
    <h2><% if @cached %> Cached (30 min) <% else %> Currrent <% end % > Forecast for <%= @address %></h2>
    <p><strong>Temperature:</strong> <%= @weather[:temperature] %>°C</p>
    <p><strong>Wind Speed:</strong> <%= @weather[:windspeed] %> km/h</p>
<% end %>
)
Caused by: ActiveSupport::SyntaxErrorProxy (/Users/ksusham/Projects/weather_app/app/views/forecasts/show.html.erb:13: syntax errors found
  [2m11 | [m @output_buffer.safe_append='
  [2m12 | [m'.freeze; if @weather 
[1;31m> [m[2m13 | [m... > Forecast for <%= @address ; @output_buffer.s ...
  [2m   | [m    [1;31m^[m unexpected '>'; expected an expression after the operator
  [2m   | [m               [1;31m^~~[m expected an index after `for`
  [2m   | [m               [1;31m^~~[m unexpected 'for', expecting end-of-input
  [2m   | [m                  [1;31m^[m expected a collection after the `in` in a `for` statement
  [2m   | [m                  [1;31m^[m expected an `in` after the index in a `for` statement
  [2m   | [m                   [1;31m^[m unexpected '<', ignoring it
  [2m   | [m                   [1;31m^[m unexpected '<'; expected a 'do', newline, or ';' after the 'for' loop collection
  [2m14 | [m    <p><strong>Temperature:</strong> '.freeze; @output_buffer.append=( @weather[:temperature] ); @output_buffer.safe_append='°C</p>
  [2m15 | [m    <p><strong>Wind Speed:</strong> '.freeze; @output_buffer.append=( @weather[:windspeed] ); @output_buffer.safe_append=' km/h</p>
  [2m16 | [m'.freeze; end ;
  [2m17 | [m@output_buffer.safe_append='<!-- END app/views/forecasts/show.html.erb -->';@output_buffer
[1;31m> [m[2m18 | [m          end
  [2m   | [m             [1;31m^[m unexpected end-of-input, assuming it is closing the parent top level context
[1;31m> [m[2m19 | [m
  [2m   | [m[1;31m^[m expected an `end` to close the `def` statement
)

Information for: ActionView::SyntaxErrorInTemplate (Encountered a syntax error while rendering template: check <h1>Check Weather Forecast</h1>
<%= form_with url: forecast_path, method: :get, local: true do |form| %>
  <%= label_tag :address, "Enter Address" %>
  <%= text_field_tag :address, nil, required: true %>
  <%= submit_tag "Get Forecast" %>
<% end %>

<% if @error %>
  <p style="color: red;"><%= @error %></p>
<% end %>

<% if @weather %>
    <h2><% if @cached %> Cached (30 min) <% else %> Currrent <% end % > Forecast for <%= @address %></h2>
    <p><strong>Temperature:</strong> <%= @weather[:temperature] %>°C</p>
    <p><strong>Wind Speed:</strong> <%= @weather[:windspeed] %> km/h</p>
<% end %>
):
1:    <h1>Check Weather Forecast</h1>
2:    <%= form_with url: forecast_path, method: :get, local: true do |form| %>
3:      <%= label_tag :address, "Enter Address" %>
4:      <%= text_field_tag :address, nil, required: true %>
5:      <%= submit_tag "Get Forecast" %>
6:    <% end %>
7:    
8:    <% if @error %>
9:      <p style="color: red;"><%= @error %></p>
10:    <% end %>
11:    
12:    <% if @weather %>
13:        <h2><% if @cached %> Cached (30 min) <% else %> Currrent <% end % > Forecast for <%= @address %></h2>
14:        <p><strong>Temperature:</strong> <%= @weather[:temperature] %>°C</p>
15:        <p><strong>Wind Speed:</strong> <%= @weather[:windspeed] %> km/h</p>
16:    <% end %>
  
app/views/forecasts/show.html.erb:13: syntax errors found

Information for cause: ActiveSupport::SyntaxErrorProxy (/Users/ksusham/Projects/weather_app/app/views/forecasts/show.html.erb:13: syntax errors found
  [2m11 | [m @output_buffer.safe_append='
  [2m12 | [m'.freeze; if @weather 
[1;31m> [m[2m13 | [m... > Forecast for <%= @address ; @output_buffer.s ...
  [2m   | [m    [1;31m^[m unexpected '>'; expected an expression after the operator
  [2m   | [m               [1;31m^~~[m expected an index after `for`
  [2m   | [m               [1;31m^~~[m unexpected 'for', expecting end-of-input
  [2m   | [m                  [1;31m^[m expected a collection after the `in` in a `for` statement
  [2m   | [m                  [1;31m^[m expected an `in` after the index in a `for` statement
  [2m   | [m                   [1;31m^[m unexpected '<', ignoring it
  [2m   | [m                   [1;31m^[m unexpected '<'; expected a 'do', newline, or ';' after the 'for' loop collection
  [2m14 | [m    <p><strong>Temperature:</strong> '.freeze; @output_buffer.append=( @weather[:temperature] ); @output_buffer.safe_append='°C</p>
  [2m15 | [m    <p><strong>Wind Speed:</strong> '.freeze; @output_buffer.append=( @weather[:windspeed] ); @output_buffer.safe_append=' km/h</p>
  [2m16 | [m'.freeze; end ;
  [2m17 | [m@output_buffer.safe_append='<!-- END app/views/forecasts/show.html.erb -->';@output_buffer
[1;31m> [m[2m18 | [m          end
  [2m   | [m             [1;31m^[m unexpected end-of-input, assuming it is closing the parent top level context
[1;31m> [m[2m19 | [m
  [2m   | [m[1;31m^[m expected an `end` to close the `def` statement
):
  
app/views/forecasts/show.html.erb:13: syntax errors found
Started GET "/forecast?address=3679+reflections+dr%2C+Pleasanton&commit=Get+Forecast" for 127.0.0.1 at 2025-04-11 19:32:58 -0600
Processing by ForecastsController#show as HTML
  Parameters: {"address" => "3679 reflections dr, Pleasanton", "commit" => "Get Forecast"}
  Rendering layout layouts/application.html.erb
  Rendering forecasts/show.html.erb within layouts/application
  Rendered forecasts/show.html.erb within layouts/application (Duration: 3.3ms | GC: 0.0ms)
  Rendered layout layouts/application.html.erb (Duration: 14.5ms | GC: 1.1ms)
Completed 200 OK in 317ms (Views: 19.7ms | ActiveRecord: 0.0ms (0 queries, 0 cached) | GC: 1.1ms)


Started GET "/forecast?address=pleasm%2C+ut&commit=Get+Forecast" for 127.0.0.1 at 2025-04-11 19:33:07 -0600
Processing by ForecastsController#show as HTML
  Parameters: {"address" => "pleasm, ut", "commit" => "Get Forecast"}
Completed 500 Internal Server Error in 207ms (ActiveRecord: 0.0ms (0 queries, 0 cached) | GC: 0.0ms)


  
NoMethodError (undefined method '[]' for nil):
  
app/services/weather_service.rb:7:in 'WeatherService.fetch'
app/controllers/forecasts_controller.rb:14:in 'ForecastsController#show'
Started GET "/forecast?address=3679+reflections+dr%2C+Pleasanton&commit=Get+Forecast" for 127.0.0.1 at 2025-04-11 19:33:37 -0600
Processing by ForecastsController#show as HTML
  Parameters: {"address" => "3679 reflections dr, Pleasanton", "commit" => "Get Forecast"}
  Rendering layout layouts/application.html.erb
  Rendering forecasts/show.html.erb within layouts/application
  Rendered forecasts/show.html.erb within layouts/application (Duration: 2.7ms | GC: 0.0ms)
  Rendered layout layouts/application.html.erb (Duration: 11.6ms | GC: 0.0ms)
Completed 200 OK in 339ms (Views: 16.7ms | ActiveRecord: 0.0ms (0 queries, 0 cached) | GC: 0.0ms)


Started GET "/forecast?address=pleasm%2C+ut&commit=Get+Forecast" for 127.0.0.1 at 2025-04-11 19:33:41 -0600
Processing by ForecastsController#show as HTML
  Parameters: {"address" => "pleasm, ut", "commit" => "Get Forecast"}
  Rendering layout layouts/application.html.erb
  Rendering forecasts/show.html.erb within layouts/application
  Rendered forecasts/show.html.erb within layouts/application (Duration: 2.8ms | GC: 0.0ms)
  Rendered layout layouts/application.html.erb (Duration: 9.1ms | GC: 0.0ms)
Completed 200 OK in 239ms (Views: 10.7ms | ActiveRecord: 0.0ms (0 queries, 0 cached) | GC: 0.0ms)


Started GET "/forecast?address=3679+reflections+dr%2C+Pleasanton&commit=Get+Forecast" for 127.0.0.1 at 2025-04-11 19:33:47 -0600
Processing by ForecastsController#show as HTML
  Parameters: {"address" => "3679 reflections dr, Pleasanton", "commit" => "Get Forecast"}
  Rendering layout layouts/application.html.erb
  Rendering forecasts/show.html.erb within layouts/application
  Rendered forecasts/show.html.erb within layouts/application (Duration: 5.3ms | GC: 0.0ms)
  Rendered layout layouts/application.html.erb (Duration: 10.9ms | GC: 0.0ms)
Completed 200 OK in 370ms (Views: 14.2ms | ActiveRecord: 0.0ms (0 queries, 0 cached) | GC: 0.0ms)


Started GET "/forecast?address=san+rafael%2C&commit=Get+Forecast" for 127.0.0.1 at 2025-04-11 19:37:22 -0600
Processing by ForecastsController#show as HTML
  Parameters: {"address" => "san rafael,", "commit" => "Get Forecast"}
  Rendering layout layouts/application.html.erb
  Rendering forecasts/show.html.erb within layouts/application
  Rendered forecasts/show.html.erb within layouts/application (Duration: 1.9ms | GC: 0.0ms)
  Rendered layout layouts/application.html.erb (Duration: 5.2ms | GC: 0.0ms)
Completed 200 OK in 2117ms (Views: 6.9ms | ActiveRecord: 0.0ms (0 queries, 0 cached) | GC: 0.0ms)


Started GET "/forecast?address=mill+valley&commit=Get+Forecast" for 127.0.0.1 at 2025-04-11 19:40:13 -0600
Processing by ForecastsController#show as HTML
  Parameters: {"address" => "mill valley", "commit" => "Get Forecast"}
  Rendering layout layouts/application.html.erb
  Rendering forecasts/show.html.erb within layouts/application
  Rendered forecasts/show.html.erb within layouts/application (Duration: 2.2ms | GC: 0.0ms)
  Rendered layout layouts/application.html.erb (Duration: 11.3ms | GC: 1.4ms)
Completed 200 OK in 327ms (Views: 15.5ms | ActiveRecord: 0.0ms (0 queries, 0 cached) | GC: 2.1ms)


Started GET "/forecast?address=mill+valley&commit=Get+Forecast" for 127.0.0.1 at 2025-04-11 19:44:55 -0600
Processing by ForecastsController#show as HTML
  Parameters: {"address" => "mill valley", "commit" => "Get Forecast"}
  Rendering layout layouts/application.html.erb
  Rendering forecasts/show.html.erb within layouts/application
  Rendered forecasts/show.html.erb within layouts/application (Duration: 4.9ms | GC: 2.0ms)
  Rendered layout layouts/application.html.erb (Duration: 13.6ms | GC: 2.0ms)
Completed 200 OK in 396ms (Views: 18.1ms | ActiveRecord: 0.0ms (0 queries, 0 cached) | GC: 2.0ms)


Started GET "/forecast?address=san+rafael%2C&commit=Get+Forecast" for 127.0.0.1 at 2025-04-11 19:45:24 -0600
Processing by ForecastsController#show as HTML
  Parameters: {"address" => "san rafael,", "commit" => "Get Forecast"}
  Rendering layout layouts/application.html.erb
  Rendering forecasts/show.html.erb within layouts/application
  Rendered forecasts/show.html.erb within layouts/application (Duration: 1.5ms | GC: 0.0ms)
  Rendered layout layouts/application.html.erb (Duration: 7.6ms | GC: 0.0ms)
Completed 200 OK in 898ms (Views: 9.2ms | ActiveRecord: 0.0ms (0 queries, 0 cached) | GC: 2.1ms)


Started GET "/forecast?address=Pleasanton%2C+CA&commit=Get+Forecast" for 127.0.0.1 at 2025-04-11 19:45:43 -0600
Processing by ForecastsController#show as HTML
  Parameters: {"address" => "Pleasanton, CA", "commit" => "Get Forecast"}
  Rendering layout layouts/application.html.erb
  Rendering forecasts/show.html.erb within layouts/application
  Rendered forecasts/show.html.erb within layouts/application (Duration: 1.2ms | GC: 0.0ms)
  Rendered layout layouts/application.html.erb (Duration: 6.3ms | GC: 0.0ms)
Completed 200 OK in 421ms (Views: 11.7ms | ActiveRecord: 0.0ms (0 queries, 0 cached) | GC: 0.0ms)


Started GET "/forecast?address=94404&commit=Get+Forecast" for 127.0.0.1 at 2025-04-11 19:47:01 -0600
Processing by ForecastsController#show as HTML
  Parameters: {"address" => "94404", "commit" => "Get Forecast"}
  Rendering layout layouts/application.html.erb
  Rendering forecasts/show.html.erb within layouts/application
  Rendered forecasts/show.html.erb within layouts/application (Duration: 1.5ms | GC: 0.0ms)
  Rendered layout layouts/application.html.erb (Duration: 8.1ms | GC: 0.0ms)
Completed 200 OK in 951ms (Views: 13.8ms | ActiveRecord: 0.0ms (0 queries, 0 cached) | GC: 0.0ms)


Started GET "/forecast?address=mill+valley&commit=Get+Forecast" for 127.0.0.1 at 2025-04-11 19:52:03 -0600
Processing by ForecastsController#show as HTML
  Parameters: {"address" => "mill valley", "commit" => "Get Forecast"}
  Rendering layout layouts/application.html.erb
  Rendering forecasts/show.html.erb within layouts/application
  Rendered forecasts/show.html.erb within layouts/application (Duration: 9.4ms | GC: 0.0ms)
  Rendered layout layouts/application.html.erb (Duration: 15.1ms | GC: 0.0ms)
Completed 200 OK in 403ms (Views: 23.6ms | ActiveRecord: 0.0ms (0 queries, 0 cached) | GC: 2.3ms)


Started GET "/forecast?address=mill+valley&commit=Get+Forecast" for 127.0.0.1 at 2025-04-11 19:54:51 -0600
Processing by ForecastsController#show as HTML
  Parameters: {"address" => "mill valley", "commit" => "Get Forecast"}
  Rendering layout layouts/application.html.erb
  Rendering forecasts/show.html.erb within layouts/application
  Rendered forecasts/show.html.erb within layouts/application (Duration: 4.0ms | GC: 0.0ms)
  Rendered layout layouts/application.html.erb (Duration: 6.9ms | GC: 0.0ms)
Completed 200 OK in 1086ms (Views: 10.4ms | ActiveRecord: 0.0ms (0 queries, 0 cached) | GC: 0.0ms)


Started GET "/forecast?address=3679+reflections+dr%2C+Pleasanton&commit=Get+Forecast" for 127.0.0.1 at 2025-04-11 19:55:05 -0600
  [1m[36mActiveRecord::SchemaMigration Load (0.4ms)[0m  [1m[34mSELECT "schema_migrations"."version" FROM "schema_migrations" ORDER BY "schema_migrations"."version" ASC /*application='WeatherApp'*/[0m
Processing by ForecastsController#show as HTML
  Parameters: {"address" => "3679 reflections dr, Pleasanton", "commit" => "Get Forecast"}
  Rendering layout layouts/application.html.erb
  Rendering forecasts/show.html.erb within layouts/application
  Rendered forecasts/show.html.erb within layouts/application (Duration: 1.1ms | GC: 0.3ms)
  Rendered layout layouts/application.html.erb (Duration: 15.0ms | GC: 0.6ms)
Completed 200 OK in 995ms (Views: 17.6ms | ActiveRecord: 0.0ms (0 queries, 0 cached) | GC: 2.7ms)


Started GET "/forecast?address=3679+reflections+dr%2C+Pleasanton&commit=Get+Forecast" for 127.0.0.1 at 2025-04-11 19:56:18 -0600
Processing by ForecastsController#show as HTML
  Parameters: {"address" => "3679 reflections dr, Pleasanton", "commit" => "Get Forecast"}
  Rendering layout layouts/application.html.erb
  Rendering forecasts/show.html.erb within layouts/application
  Rendered forecasts/show.html.erb within layouts/application (Duration: 10.0ms | GC: 0.0ms)
  Rendered layout layouts/application.html.erb (Duration: 17.9ms | GC: 0.0ms)
Completed 200 OK in 334ms (Views: 22.7ms | ActiveRecord: 0.0ms (0 queries, 0 cached) | GC: 0.0ms)


Started GET "/forecast?address=3679+reflections+dr%2C+Pleasanton&commit=Get+Forecast" for 127.0.0.1 at 2025-04-11 19:57:08 -0600
Processing by ForecastsController#show as HTML
  Parameters: {"address" => "3679 reflections dr, Pleasanton", "commit" => "Get Forecast"}
  Rendering layout layouts/application.html.erb
  Rendering forecasts/show.html.erb within layouts/application
  Rendered forecasts/show.html.erb within layouts/application (Duration: 5.3ms | GC: 0.0ms)
  Rendered layout layouts/application.html.erb (Duration: 16.4ms | GC: 0.0ms)
Completed 200 OK in 364ms (Views: 20.4ms | ActiveRecord: 0.0ms (0 queries, 0 cached) | GC: 0.0ms)


Started GET "/forecast?address=san+rafael%2C&commit=Get+Forecast" for 127.0.0.1 at 2025-04-11 20:00:34 -0600
Processing by ForecastsController#show as HTML
  Parameters: {"address" => "san rafael,", "commit" => "Get Forecast"}
Completed 500 Internal Server Error in 1580ms (ActiveRecord: 0.0ms (0 queries, 0 cached) | GC: 0.0ms)


  
NameError (undefined local variable or method 'forecast_data' for class WeatherService):
  
app/services/weather_service.rb:32:in 'WeatherService.call_weather_api'
app/services/weather_service.rb:13:in 'WeatherService.fetch'
app/controllers/forecasts_controller.rb:18:in 'ForecastsController#show'
Started GET "/forecast?address=3679+reflections+dr%2C+Pleasanton&commit=Get+Forecast" for 127.0.0.1 at 2025-04-11 20:01:01 -0600
Processing by ForecastsController#show as HTML
  Parameters: {"address" => "3679 reflections dr, Pleasanton", "commit" => "Get Forecast"}
  Rendering layout layouts/application.html.erb
  Rendering forecasts/show.html.erb within layouts/application
  Rendered forecasts/show.html.erb within layouts/application (Duration: 2.5ms | GC: 0.2ms)
  Rendered layout layouts/application.html.erb (Duration: 7.6ms | GC: 1.4ms)
Completed 200 OK in 424ms (Views: 19.3ms | ActiveRecord: 0.0ms (0 queries, 0 cached) | GC: 2.3ms)


Started GET "/forecast?address=denver%2C+co&commit=Get+Forecast" for 127.0.0.1 at 2025-04-11 20:04:38 -0600
Processing by ForecastsController#show as HTML
  Parameters: {"address" => "denver, co", "commit" => "Get Forecast"}
Completed 500 Internal Server Error in 730ms (ActiveRecord: 0.0ms (0 queries, 0 cached) | GC: 1.9ms)


  
SyntaxError (/Users/ksusham/Projects/weather_app/app/services/weather_service.rb:46: syntax errors found
  [2m44 | [m    }
  [2m45 | [m  end
[1;31m> [m[2m46 | [mend
  [2m   | [m   [1;31m^[m unexpected end-of-input, assuming it is closing the parent top level context
[1;31m> [m[2m47 | [m
  [2m   | [m[1;31m^[m expected an `end` to close the `class` statement
):
  
app/services/weather_service.rb:46: syntax errors found
app/controllers/forecasts_controller.rb:18:in 'ForecastsController#show'
Started GET "/forecast?address=3679+reflections+dr%2C+Pleasanton&commit=Get+Forecast" for 127.0.0.1 at 2025-04-11 20:06:24 -0600
Processing by ForecastsController#show as HTML
  Parameters: {"address" => "3679 reflections dr, Pleasanton", "commit" => "Get Forecast"}
  Rendering layout layouts/application.html.erb
  Rendering forecasts/show.html.erb within layouts/application
  Rendered forecasts/show.html.erb within layouts/application (Duration: 2.8ms | GC: 0.0ms)
  Rendered layout layouts/application.html.erb (Duration: 11.8ms | GC: 2.5ms)
Completed 200 OK in 345ms (Views: 18.0ms | ActiveRecord: 0.0ms (0 queries, 0 cached) | GC: 2.5ms)


Started GET "/forecast?address=alpine%2Cco&commit=Get+Forecast" for 127.0.0.1 at 2025-04-11 20:06:34 -0600
Processing by ForecastsController#show as HTML
  Parameters: {"address" => "alpine,co", "commit" => "Get Forecast"}
Completed 500 Internal Server Error in 3442ms (ActiveRecord: 0.0ms (0 queries, 0 cached) | GC: 3.6ms)


  
NoMethodError (undefined method '[]' for nil):
  
app/services/weather_service.rb:32:in 'WeatherService.call_weather_api'
app/services/weather_service.rb:13:in 'WeatherService.fetch'
app/controllers/forecasts_controller.rb:18:in 'ForecastsController#show'
Started GET "/forecast?address=3679+reflections+dr%2C+Pleasanton&commit=Get+Forecast" for 127.0.0.1 at 2025-04-11 20:09:56 -0600
Processing by ForecastsController#show as HTML
  Parameters: {"address" => "3679 reflections dr, Pleasanton", "commit" => "Get Forecast"}
  Rendering layout layouts/application.html.erb
  Rendering forecasts/show.html.erb within layouts/application
  Rendered forecasts/show.html.erb within layouts/application (Duration: 1.9ms | GC: 0.0ms)
  Rendered layout layouts/application.html.erb (Duration: 5.4ms | GC: 0.0ms)
Completed 200 OK in 403ms (Views: 23.1ms | ActiveRecord: 0.0ms (0 queries, 0 cached) | GC: 10.8ms)


Started GET "/forecast?address=94555&commit=Get+Forecast" for 127.0.0.1 at 2025-04-11 20:10:24 -0600
Processing by ForecastsController#show as HTML
  Parameters: {"address" => "94555", "commit" => "Get Forecast"}
  Rendering layout layouts/application.html.erb
  Rendering forecasts/show.html.erb within layouts/application
  Rendered forecasts/show.html.erb within layouts/application (Duration: 3.2ms | GC: 0.0ms)
  Rendered layout layouts/application.html.erb (Duration: 11.9ms | GC: 0.0ms)
Completed 200 OK in 890ms (Views: 12.9ms | ActiveRecord: 0.0ms (0 queries, 0 cached) | GC: 1.3ms)


Started GET "/forecast?address=93222&commit=Get+Forecast" for 127.0.0.1 at 2025-04-11 20:13:38 -0600
Processing by ForecastsController#show as HTML
  Parameters: {"address" => "93222", "commit" => "Get Forecast"}
Completed 500 Internal Server Error in 993ms (ActiveRecord: 0.0ms (0 queries, 0 cached) | GC: 4.5ms)


  
NoMethodError (undefined method '[]' for nil):
  
app/services/weather_service.rb:35:in 'WeatherService.call_weather_api'
app/services/weather_service.rb:13:in 'WeatherService.fetch'
app/controllers/forecasts_controller.rb:18:in 'ForecastsController#show'
Started GET "/forecast?address=94555&commit=Get+Forecast" for 127.0.0.1 at 2025-04-11 20:14:54 -0600
Processing by ForecastsController#show as HTML
  Parameters: {"address" => "94555", "commit" => "Get Forecast"}
  Rendering layout layouts/application.html.erb
  Rendering forecasts/show.html.erb within layouts/application
  Rendered forecasts/show.html.erb within layouts/application (Duration: 5.4ms | GC: 0.0ms)
  Rendered layout layouts/application.html.erb (Duration: 16.9ms | GC: 6.3ms)
Completed 200 OK in 252ms (Views: 21.7ms | ActiveRecord: 0.0ms (0 queries, 0 cached) | GC: 6.3ms)


Started GET "/forecast?address=43222&commit=Get+Forecast" for 127.0.0.1 at 2025-04-11 20:15:10 -0600
Processing by ForecastsController#show as HTML
  Parameters: {"address" => "43222", "commit" => "Get Forecast"}
  Rendering layout layouts/application.html.erb
  Rendering forecasts/show.html.erb within layouts/application
  Rendered forecasts/show.html.erb within layouts/application (Duration: 1.2ms | GC: 0.0ms)
  Rendered layout layouts/application.html.erb (Duration: 4.7ms | GC: 0.0ms)
Completed 200 OK in 897ms (Views: 7.4ms | ActiveRecord: 0.0ms (0 queries, 0 cached) | GC: 2.9ms)


Started GET "/forecast?address=93444&commit=Get+Forecast" for 127.0.0.1 at 2025-04-11 20:15:30 -0600
Processing by ForecastsController#show as HTML
  Parameters: {"address" => "93444", "commit" => "Get Forecast"}
  Rendering layout layouts/application.html.erb
  Rendering forecasts/show.html.erb within layouts/application
  Rendered forecasts/show.html.erb within layouts/application (Duration: 2.6ms | GC: 0.0ms)
  Rendered layout layouts/application.html.erb (Duration: 10.0ms | GC: 0.0ms)
Completed 200 OK in 940ms (Views: 12.5ms | ActiveRecord: 0.0ms (0 queries, 0 cached) | GC: 1.4ms)


Started GET "/forecast?address=93455&commit=Get+Forecast" for 127.0.0.1 at 2025-04-11 20:18:55 -0600
Processing by ForecastsController#show as HTML
  Parameters: {"address" => "93455", "commit" => "Get Forecast"}
  Rendering layout layouts/application.html.erb
  Rendering forecasts/show.html.erb within layouts/application
  Rendered forecasts/show.html.erb within layouts/application (Duration: 8.1ms | GC: 0.6ms)
  Rendered layout layouts/application.html.erb (Duration: 12.9ms | GC: 0.6ms)
Completed 200 OK in 1043ms (Views: 17.6ms | ActiveRecord: 0.0ms (0 queries, 0 cached) | GC: 3.0ms)


Started GET "/forecast?address=93455&commit=Get+Forecast" for 127.0.0.1 at 2025-04-11 20:28:25 -0600
Processing by ForecastsController#show as HTML
  Parameters: {"address" => "93455", "commit" => "Get Forecast"}
  Rendering layout layouts/application.html.erb
  Rendering forecasts/show.html.erb within layouts/application
  Rendered forecasts/show.html.erb within layouts/application (Duration: 6.4ms | GC: 0.0ms)
  Rendered layout layouts/application.html.erb (Duration: 6.8ms | GC: 0.0ms)
Completed 500 Internal Server Error in 367ms (ActiveRecord: 0.0ms (0 queries, 0 cached) | GC: 0.0ms)


  
ActionView::Template::Error (undefined method 'each' for nil)
Caused by: NoMethodError (undefined method 'each' for nil)

Information for: ActionView::Template::Error (undefined method 'each' for nil):
    19:     <% @weather[:hourly_forecast].each do |date, data| %>
    20:         <li>
    21:             <strong> <% date %> </strong>
    22:             <% data.each do |entry| %>
    23:                 <strong><%= Time.parse(entry[:time]).strftime("%I:%M %p") %></strong> – 
    24:                 Temp: <%= entry[:temperature] %>°C, 
    25:                 Humidity: <%= entry[:humidity] %>%, 
  
app/views/forecasts/show.html.erb:22
app/views/forecasts/show.html.erb:19:in 'Array#each'
app/views/forecasts/show.html.erb:19

Information for cause: NoMethodError (undefined method 'each' for nil):
  
app/views/forecasts/show.html.erb:22
app/views/forecasts/show.html.erb:19:in 'Array#each'
app/views/forecasts/show.html.erb:19
Started GET "/f" for 127.0.0.1 at 2025-04-11 20:28:44 -0600
  
ActionController::RoutingError (No route matches [GET] "/f"):
  
Started GET "/" for 127.0.0.1 at 2025-04-11 20:28:49 -0600
Processing by ForecastsController#show as HTML
  Rendering layout layouts/application.html.erb
  Rendering forecasts/show.html.erb within layouts/application
  Rendered forecasts/show.html.erb within layouts/application (Duration: 0.9ms | GC: 0.0ms)
  Rendered layout layouts/application.html.erb (Duration: 4.0ms | GC: 0.4ms)
Completed 200 OK in 31ms (Views: 5.4ms | ActiveRecord: 0.0ms (0 queries, 0 cached) | GC: 0.4ms)


Started GET "/forecast?address=78788&commit=Get+Forecast" for 127.0.0.1 at 2025-04-11 20:28:55 -0600
Processing by ForecastsController#show as HTML
  Parameters: {"address" => "78788", "commit" => "Get Forecast"}
Completed 500 Internal Server Error in 1023ms (ActiveRecord: 0.0ms (0 queries, 0 cached) | GC: 3.2ms)


  
NameError (undefined local variable or method 'time_str' for class WeatherService):
  
app/services/weather_service.rb:38:in 'block in WeatherService.call_weather_api'
app/services/weather_service.rb:35:in 'Array#each'
app/services/weather_service.rb:35:in 'Enumerable#each_with_index'
app/services/weather_service.rb:35:in 'WeatherService.call_weather_api'
app/services/weather_service.rb:13:in 'WeatherService.fetch'
app/controllers/forecasts_controller.rb:18:in 'ForecastsController#show'
Started GET "/" for 127.0.0.1 at 2025-04-11 20:29:46 -0600
Processing by ForecastsController#show as HTML
  Rendering layout layouts/application.html.erb
  Rendering forecasts/show.html.erb within layouts/application
  Rendered forecasts/show.html.erb within layouts/application (Duration: 1.5ms | GC: 0.0ms)
  Rendered layout layouts/application.html.erb (Duration: 12.7ms | GC: 2.4ms)
Completed 200 OK in 40ms (Views: 15.0ms | ActiveRecord: 0.0ms (0 queries, 0 cached) | GC: 2.4ms)


Started GET "/forecast?address=33445&commit=Get+Forecast" for 127.0.0.1 at 2025-04-11 20:30:09 -0600
Processing by ForecastsController#show as HTML
  Parameters: {"address" => "33445", "commit" => "Get Forecast"}
Completed 500 Internal Server Error in 1132ms (ActiveRecord: 0.0ms (0 queries, 0 cached) | GC: 0.0ms)


  
TypeError (no implicit conversion of String into Integer):
  
app/services/weather_service.rb:42:in 'block in WeatherService.call_weather_api'
app/services/weather_service.rb:35:in 'Array#each'
app/services/weather_service.rb:35:in 'Enumerable#each_with_index'
app/services/weather_service.rb:35:in 'WeatherService.call_weather_api'
app/services/weather_service.rb:13:in 'WeatherService.fetch'
app/controllers/forecasts_controller.rb:18:in 'ForecastsController#show'
Started GET "/" for 127.0.0.1 at 2025-04-11 20:32:10 -0600
Processing by ForecastsController#show as HTML
  Rendering layout layouts/application.html.erb
  Rendering forecasts/show.html.erb within layouts/application
  Rendered forecasts/show.html.erb within layouts/application (Duration: 2.9ms | GC: 0.0ms)
  Rendered layout layouts/application.html.erb (Duration: 6.4ms | GC: 0.0ms)
Completed 200 OK in 35ms (Views: 10.9ms | ActiveRecord: 0.0ms (0 queries, 0 cached) | GC: 0.8ms)


Started GET "/forecast?address=stanford%2C+ca&commit=Get+Forecast" for 127.0.0.1 at 2025-04-11 20:32:21 -0600
Processing by ForecastsController#show as HTML
  Parameters: {"address" => "stanford, ca", "commit" => "Get Forecast"}
Completed 500 Internal Server Error in 1114ms (ActiveRecord: 0.0ms (0 queries, 0 cached) | GC: 0.8ms)


  
TypeError (no implicit conversion of String into Integer):
  
app/services/weather_service.rb:45:in 'block in WeatherService.call_weather_api'
app/services/weather_service.rb:35:in 'Array#each'
app/services/weather_service.rb:35:in 'Enumerable#each_with_index'
app/services/weather_service.rb:35:in 'WeatherService.call_weather_api'
app/services/weather_service.rb:13:in 'WeatherService.fetch'
app/controllers/forecasts_controller.rb:18:in 'ForecastsController#show'
Started GET "/" for 127.0.0.1 at 2025-04-11 20:36:57 -0600
Processing by ForecastsController#show as HTML
  Rendering layout layouts/application.html.erb
  Rendering forecasts/show.html.erb within layouts/application
  Rendered forecasts/show.html.erb within layouts/application (Duration: 2.7ms | GC: 0.0ms)
  Rendered layout layouts/application.html.erb (Duration: 7.9ms | GC: 0.5ms)
Completed 200 OK in 34ms (Views: 10.0ms | ActiveRecord: 0.0ms (0 queries, 0 cached) | GC: 0.5ms)


Started GET "/forecast?address=sacramento%2C+ca&commit=Get+Forecast" for 127.0.0.1 at 2025-04-11 20:37:10 -0600
Processing by ForecastsController#show as HTML
  Parameters: {"address" => "sacramento, ca", "commit" => "Get Forecast"}
  Rendering layout layouts/application.html.erb
  Rendering forecasts/show.html.erb within layouts/application
  Rendered forecasts/show.html.erb within layouts/application (Duration: 5.1ms | GC: 0.6ms)
  Rendered layout layouts/application.html.erb (Duration: 6.1ms | GC: 0.6ms)
Completed 200 OK in 1395ms (Views: 7.7ms | ActiveRecord: 0.0ms (0 queries, 0 cached) | GC: 6.3ms)


Started GET "/forecast?address=sacramento%2C+ca&commit=Get+Forecast" for 127.0.0.1 at 2025-04-11 20:39:57 -0600
Processing by ForecastsController#show as HTML
  Parameters: {"address" => "sacramento, ca", "commit" => "Get Forecast"}
  Rendering layout layouts/application.html.erb
  Rendering forecasts/show.html.erb within layouts/application
  Rendered forecasts/show.html.erb within layouts/application (Duration: 3.8ms | GC: 0.0ms)
  Rendered layout layouts/application.html.erb (Duration: 4.0ms | GC: 0.0ms)
Completed 500 Internal Server Error in 527ms (ActiveRecord: 0.0ms (0 queries, 0 cached) | GC: 0.0ms)


  
ActionView::Template::Error (undefined local variable or method 'entries' for an instance of #<Class:0x00000001231b0b60>)
Caused by: NameError (undefined local variable or method 'entries' for an instance of #<Class:0x00000001231b0b60>)

Information for: ActionView::Template::Error (undefined local variable or method 'entries' for an instance of #<Class:0x00000001231b0b60>):
    28:             </tr>
    29:             </thead>
    30:             <tbody>
    31:             <% entries.each do |entry| %>
    32:                 <tr>
    33:                 <td><%= entry[:time] %></td>
    34:                 <td><%= entry[:temperature] %></td>
  
app/views/forecasts/show.html.erb:31
app/views/forecasts/show.html.erb:19:in 'Hash#each'
app/views/forecasts/show.html.erb:19

Information for cause: NameError (undefined local variable or method 'entries' for an instance of #<Class:0x00000001231b0b60>):
  
app/views/forecasts/show.html.erb:31
app/views/forecasts/show.html.erb:19:in 'Hash#each'
app/views/forecasts/show.html.erb:19
Started GET "/forecast?address=sacramento%2C+ca&commit=Get+Forecast" for 127.0.0.1 at 2025-04-11 20:40:26 -0600
Processing by ForecastsController#show as HTML
  Parameters: {"address" => "sacramento, ca", "commit" => "Get Forecast"}
  Rendering layout layouts/application.html.erb
  Rendering forecasts/show.html.erb within layouts/application
  Rendered forecasts/show.html.erb within layouts/application (Duration: 3.7ms | GC: 0.0ms)
  Rendered layout layouts/application.html.erb (Duration: 5.4ms | GC: 0.0ms)
Completed 200 OK in 601ms (Views: 12.8ms | ActiveRecord: 0.0ms (0 queries, 0 cached) | GC: 1.5ms)


Started GET "/forecast?address=3679+reflections+dr%2C+Pleasanton&commit=Get+Forecast" for 127.0.0.1 at 2025-04-11 20:41:01 -0600
Processing by ForecastsController#show as HTML
  Parameters: {"address" => "3679 reflections dr, Pleasanton", "commit" => "Get Forecast"}
  Rendering layout layouts/application.html.erb
  Rendering forecasts/show.html.erb within layouts/application
  Rendered forecasts/show.html.erb within layouts/application (Duration: 2.6ms | GC: 0.0ms)
  Rendered layout layouts/application.html.erb (Duration: 4.4ms | GC: 0.0ms)
Completed 200 OK in 1053ms (Views: 7.0ms | ActiveRecord: 0.0ms (0 queries, 0 cached) | GC: 0.0ms)


Started GET "/forecast?address=salt+lake+city%2C+ut&commit=Get+Forecast" for 127.0.0.1 at 2025-04-11 20:42:24 -0600
Processing by ForecastsController#show as HTML
  Parameters: {"address" => "salt lake city, ut", "commit" => "Get Forecast"}
  Rendering layout layouts/application.html.erb
  Rendering forecasts/show.html.erb within layouts/application
  Rendered forecasts/show.html.erb within layouts/application (Duration: 2.0ms | GC: 0.0ms)
  Rendered layout layouts/application.html.erb (Duration: 5.0ms | GC: 0.0ms)
Completed 200 OK in 991ms (Views: 6.4ms | ActiveRecord: 0.0ms (0 queries, 0 cached) | GC: 0.0ms)


  [1m[36mActiveRecord::SchemaMigration Load (0.1ms)[0m  [1m[34mSELECT "schema_migrations"."version" FROM "schema_migrations" ORDER BY "schema_migrations"."version" ASC /*application='WeatherApp'*/[0m
Started GET "/forecast?address=3679+reflections+dr%2C+Pleasanton&commit=Get+Forecast" for 127.0.0.1 at 2025-04-12 18:36:25 -0600
  [1m[36mActiveRecord::SchemaMigration Load (0.4ms)[0m  [1m[34mSELECT "schema_migrations"."version" FROM "schema_migrations" ORDER BY "schema_migrations"."version" ASC /*application='WeatherApp'*/[0m
Processing by ForecastsController#show as HTML
  Parameters: {"address" => "3679 reflections dr, Pleasanton", "commit" => "Get Forecast"}
  Rendering layout layouts/application.html.erb
  Rendering forecasts/show.html.erb within layouts/application
  Rendered forecasts/show.html.erb within layouts/application (Duration: 4.3ms | GC: 0.0ms)
  Rendered layout layouts/application.html.erb (Duration: 19.8ms | GC: 0.0ms)
Completed 200 OK in 1314ms (Views: 22.5ms | ActiveRecord: 0.0ms (0 queries, 0 cached) | GC: 0.0ms)


Started GET "/forecast?address=san+rafael%2C&commit=Get+Forecast" for 127.0.0.1 at 2025-04-12 18:48:03 -0600
Processing by ForecastsController#show as HTML
  Parameters: {"address" => "san rafael,", "commit" => "Get Forecast"}
  Rendering layout layouts/application.html.erb
  Rendering forecasts/show.html.erb within layouts/application
  Rendered forecasts/show.html.erb within layouts/application (Duration: 3.3ms | GC: 0.0ms)
  Rendered layout layouts/application.html.erb (Duration: 8.7ms | GC: 0.0ms)
Completed 200 OK in 1616ms (Views: 10.5ms | ActiveRecord: 0.0ms (0 queries, 0 cached) | GC: 0.0ms)


Started GET "/forecast?address=mill+vallye%2C+ca&commit=Get+Forecast" for 127.0.0.1 at 2025-04-12 18:54:18 -0600
  [1m[36mActiveRecord::SchemaMigration Load (0.4ms)[0m  [1m[34mSELECT "schema_migrations"."version" FROM "schema_migrations" ORDER BY "schema_migrations"."version" ASC /*application='WeatherApp'*/[0m
Processing by ForecastsController#show as HTML
  Parameters: {"address" => "mill vallye, ca", "commit" => "Get Forecast"}
  Rendering layout layouts/application.html.erb
  Rendering forecasts/show.html.erb within layouts/application
  Rendered forecasts/show.html.erb within layouts/application (Duration: 1.7ms | GC: 0.0ms)
  Rendered layout layouts/application.html.erb (Duration: 16.7ms | GC: 0.0ms)
Completed 200 OK in 453ms (Views: 19.4ms | ActiveRecord: 0.0ms (0 queries, 0 cached) | GC: 0.0ms)


Started GET "/forecast?address=mill+valley%2C+ca&commit=Get+Forecast" for 127.0.0.1 at 2025-04-12 18:54:28 -0600
Processing by ForecastsController#show as HTML
  Parameters: {"address" => "mill valley, ca", "commit" => "Get Forecast"}
  Rendering layout layouts/application.html.erb
  Rendering forecasts/show.html.erb within layouts/application
  Rendered forecasts/show.html.erb within layouts/application (Duration: 5.1ms | GC: 0.0ms)
  Rendered layout layouts/application.html.erb (Duration: 8.8ms | GC: 0.0ms)
Completed 200 OK in 1091ms (Views: 9.8ms | ActiveRecord: 0.0ms (0 queries, 0 cached) | GC: 0.0ms)


Started GET "/forecast?address=FRE&commit=Get+Forecast" for 127.0.0.1 at 2025-04-12 19:05:40 -0600
  [1m[36mActiveRecord::SchemaMigration Load (0.9ms)[0m  [1m[34mSELECT "schema_migrations"."version" FROM "schema_migrations" ORDER BY "schema_migrations"."version" ASC /*application='WeatherApp'*/[0m
Processing by ForecastsController#show as HTML
  Parameters: {"address" => "FRE", "commit" => "Get Forecast"}
  Rendering layout layouts/application.html.erb
  Rendering forecasts/show.html.erb within layouts/application
  Rendered forecasts/show.html.erb within layouts/application (Duration: 2.9ms | GC: 0.0ms)
  Rendered layout layouts/application.html.erb (Duration: 19.5ms | GC: 0.0ms)
Completed 200 OK in 6321ms (Views: 22.8ms | ActiveRecord: 0.0ms (0 queries, 0 cached) | GC: 0.0ms)


Started GET "/forecast?address=TEST+.TEST&commit=Get+Forecast" for 127.0.0.1 at 2025-04-12 19:06:13 -0600
Processing by ForecastsController#show as HTML
  Parameters: {"address" => "TEST .TEST", "commit" => "Get Forecast"}
  Rendering layout layouts/application.html.erb
  Rendering forecasts/show.html.erb within layouts/application
  Rendered forecasts/show.html.erb within layouts/application (Duration: 4.1ms | GC: 0.0ms)
  Rendered layout layouts/application.html.erb (Duration: 10.1ms | GC: 0.0ms)
Completed 200 OK in 1127ms (Views: 11.9ms | ActiveRecord: 0.0ms (0 queries, 0 cached) | GC: 0.0ms)


Started GET "/forecast?address=pleasto&commit=Get+Forecast" for 127.0.0.1 at 2025-04-12 19:06:36 -0600
Processing by ForecastsController#show as HTML
  Parameters: {"address" => "pleasto", "commit" => "Get Forecast"}
  Rendering layout layouts/application.html.erb
  Rendering forecasts/show.html.erb within layouts/application
  Rendered forecasts/show.html.erb within layouts/application (Duration: 4.8ms | GC: 0.0ms)
  Rendered layout layouts/application.html.erb (Duration: 8.4ms | GC: 0.0ms)
Completed 200 OK in 257ms (Views: 9.9ms | ActiveRecord: 0.0ms (0 queries, 0 cached) | GC: 0.0ms)


Started GET "/forecast?address=test&commit=Get+Forecast" for 127.0.0.1 at 2025-04-12 19:07:48 -0600
Processing by ForecastsController#show as HTML
  Parameters: {"address" => "test", "commit" => "Get Forecast"}
  Rendering layout layouts/application.html.erb
  Rendering forecasts/show.html.erb within layouts/application
  Rendered forecasts/show.html.erb within layouts/application (Duration: 10.0ms | GC: 0.0ms)
  Rendered layout layouts/application.html.erb (Duration: 17.6ms | GC: 0.0ms)
Completed 200 OK in 1261ms (Views: 20.0ms | ActiveRecord: 0.0ms (0 queries, 0 cached) | GC: 0.0ms)


Started GET "/forecast?address=leningrad&commit=Get+Forecast" for 127.0.0.1 at 2025-04-12 19:08:04 -0600
Processing by ForecastsController#show as HTML
  Parameters: {"address" => "leningrad", "commit" => "Get Forecast"}
  Rendering layout layouts/application.html.erb
  Rendering forecasts/show.html.erb within layouts/application
  Rendered forecasts/show.html.erb within layouts/application (Duration: 1.8ms | GC: 0.0ms)
  Rendered layout layouts/application.html.erb (Duration: 8.6ms | GC: 0.0ms)
Completed 200 OK in 263ms (Views: 20.0ms | ActiveRecord: 0.0ms (0 queries, 0 cached) | GC: 0.0ms)


  [1m[36mActiveRecord::SchemaMigration Load (0.1ms)[0m  [1m[34mSELECT "schema_migrations"."version" FROM "schema_migrations" ORDER BY "schema_migrations"."version" ASC /*application='WeatherApp'*/[0m
